Last login: Wed Jan 20 14:45:45 on ttys000
Stephanies-MacBook-Pro:~ stephaniegao$ pwd
/Users/stephaniegao
Stephanies-MacBook-Pro:~ stephaniegao$ cd ~/desktop
Stephanies-MacBook-Pro:desktop stephaniegao$ cd customfadercontrol
Stephanies-MacBook-Pro:customfadercontrol stephaniegao$ git status
On branch master
Your branch is up-to-date with 'origin/master'.
Changes to be committed:
  (use "git reset HEAD <file>..." to unstage)

	modified:   customfaders.html

Stephanies-MacBook-Pro:customfadercontrol stephaniegao$ git add .
Stephanies-MacBook-Pro:customfadercontrol stephaniegao$ git commit -m"grooves added"
[master 93455c9] grooves added
 1 file changed, 4 insertions(+), 2 deletions(-)
Stephanies-MacBook-Pro:customfadercontrol stephaniegao$ git push
Counting objects: 3, done.
Delta compression using up to 4 threads.
Compressing objects: 100% (3/3), done.
Writing objects: 100% (3/3), 373 bytes | 0 bytes/s, done.
Total 3 (delta 1), reused 0 (delta 0)
To https://github.com/stephyli/customfadercontrol.git
   bd9aef9..93455c9  master -> master
Stephanies-MacBook-Pro:customfadercontrol stephaniegao$ git status
On branch master
Your branch is up-to-date with 'origin/master'.
nothing to commit, working directory clean
Stephanies-MacBook-Pro:customfadercontrol stephaniegao$ git pull
Already up-to-date.
Stephanies-MacBook-Pro:customfadercontrol stephaniegao$ 


